2026-08-24 23:23:48,421 - freqtrade.loggers - INFO - Enabling colorized output.
2026-08-24 23:23:48,424 - freqtrade.loggers - INFO - Logfile configured
2026-08-24 23:23:48,424 - freqtrade.loggers - INFO - Verbosity set to 0
2026-08-24 23:23:48,424 - freqtrade.configuration.configuration - INFO - Using additional Strategy lookup path: strategies
2026-08-24 23:23:48,424 - freqtrade.configuration.configuration - INFO - Parameter -i/--timeframe detected ... Using timeframe: 5m ...
2026-08-24 23:23:48,424 - freqtrade.configuration.configuration - INFO - Using max_open_trades: 2 ...
2026-08-24 23:23:48,424 - freqtrade.configuration.configuration - INFO - Parameter --fee detected, setting fee to: 0.0015 ...
2026-08-24 23:23:48,426 - freqtrade.configuration.configuration - INFO - Parameter --timerange detected: 20230101-20230108 ...
2026-08-24 23:23:48,426 - freqtrade.configuration.configuration - INFO - Using user-data directory: C:\Users\24809\Desktop\repos\quant\user_data ...
2026-08-24 23:23:48,426 - freqtrade.configuration.configuration - INFO - Using data directory: C:\Users\24809\Desktop\repos\quant\user_data\data\binance ...
2026-08-24 23:23:48,428 - freqtrade.configuration.configuration - INFO - Using experiments/exp_20260824_001/backtests/smoke as backtest directory ...
2026-08-24 23:23:48,428 - freqtrade.configuration.configuration - INFO - Parameter --export detected: trades ...
2026-08-24 23:23:48,428 - freqtrade.configuration.configuration - INFO - Parameter --cache=none detected ...
2026-08-24 23:23:48,428 - freqtrade.configuration.configuration - INFO - Filter trades by timerange: 20230101-20230108
2026-08-24 23:23:48,429 - freqtrade.exchange.check_exchange - INFO - Checking exchange...
2026-08-24 23:23:48,435 - freqtrade.exchange.check_exchange - INFO - Exchange "binance" is officially supported by the Freqtrade development team.
2026-08-24 23:23:48,435 - freqtrade.configuration.configuration - INFO - Using pairlist from configuration.
2026-08-24 23:23:48,435 - freqtrade.configuration.config_validation - INFO - Validating configuration ...
2026-08-24 23:23:48,437 - freqtrade.commands.optimize_commands - INFO - Starting freqtrade in Backtesting mode
2026-08-24 23:23:48,437 - freqtrade.exchange.exchange - INFO - Instance is running with dry_run enabled
2026-08-24 23:23:48,439 - freqtrade.exchange.exchange - INFO - Using CCXT 4.5.65
2026-08-24 23:23:48,439 - freqtrade.exchange.exchange - INFO - Applying additional ccxt config: {'enableRateLimit': True}
2026-08-24 23:23:48,445 - freqtrade.exchange.exchange - INFO - Applying additional ccxt config: {'enableRateLimit': True}
2026-08-24 23:23:48,449 - freqtrade.exchange.exchange - INFO - Using Exchange "Binance"
2026-08-24 23:23:49,303 - freqtrade.resolvers.exchange_resolver - INFO - Using resolved exchange 'Binance'...
2026-08-24 23:23:49,305 - freqtrade.resolvers.iresolver - INFO - Using resolved strategy DryRunSmaCrossHtfBreakoutGateStrategy from 'C:\Users\24809\Desktop\repos\quant\strategies\DryRunSmaCrossHtfBreakoutGateStrategy.py'...
2026-08-24 23:23:49,305 - freqtrade.strategy.hyper - INFO - Found no parameter file.
2026-08-24 23:23:49,305 - freqtrade.resolvers.strategy_resolver - INFO - Override strategy 'timeframe' with value from the configuration: 5m.
2026-08-24 23:23:49,305 - freqtrade.resolvers.strategy_resolver - INFO - Override strategy 'order_types' with value from the configuration: {'entry': 'market', 'exit': 'market', 'stoploss': 'market', 'stoploss_on_exchange': False, 'emergency_exit': 'market'}.
2026-08-24 23:23:49,305 - freqtrade.resolvers.strategy_resolver - INFO - Override strategy 'stake_currency' with value from the configuration: USDT.
2026-08-24 23:23:49,305 - freqtrade.resolvers.strategy_resolver - INFO - Override strategy 'stake_amount' with value from the configuration: 50.
2026-08-24 23:23:49,305 - freqtrade.resolvers.strategy_resolver - INFO - Override strategy 'max_open_trades' with value from the configuration: 2.
2026-08-24 23:23:49,305 - freqtrade.resolvers.strategy_resolver - INFO - Strategy using minimal_roi: {'0': 0.03}
2026-08-24 23:23:49,305 - freqtrade.resolvers.strategy_resolver - INFO - Strategy using timeframe: 5m
2026-08-24 23:23:49,305 - freqtrade.resolvers.strategy_resolver - INFO - Strategy using stoploss: -0.03
2026-08-24 23:23:49,305 - freqtrade.resolvers.strategy_resolver - INFO - Strategy using trailing_stop: False
2026-08-24 23:23:49,305 - freqtrade.resolvers.strategy_resolver - INFO - Strategy using trailing_stop_positive_offset: 0.0
2026-08-24 23:23:49,305 - freqtrade.resolvers.strategy_resolver - INFO - Strategy using trailing_only_offset_is_reached: False
2026-08-24 23:23:49,305 - freqtrade.resolvers.strategy_resolver - INFO - Strategy using use_custom_stoploss: False
2026-08-24 23:23:49,305 - freqtrade.resolvers.strategy_resolver - INFO - Strategy using process_only_new_candles: True
2026-08-24 23:23:49,305 - freqtrade.resolvers.strategy_resolver - INFO - Strategy using order_types: {'entry': 'market', 'exit': 'market', 'stoploss': 'market', 'stoploss_on_exchange': False, 'emergency_exit': 'market'}
2026-08-24 23:23:49,305 - freqtrade.resolvers.strategy_resolver - INFO - Strategy using order_time_in_force: {'entry': 'GTC', 'exit': 'GTC'}
2026-08-24 23:23:49,305 - freqtrade.resolvers.strategy_resolver - INFO - Strategy using stake_currency: USDT
2026-08-24 23:23:49,305 - freqtrade.resolvers.strategy_resolver - INFO - Strategy using stake_amount: 50
2026-08-24 23:23:49,305 - freqtrade.resolvers.strategy_resolver - INFO - Strategy using startup_candle_count: 300
2026-08-24 23:23:49,305 - freqtrade.resolvers.strategy_resolver - INFO - Strategy using use_exit_signal: True
2026-08-24 23:23:49,305 - freqtrade.resolvers.strategy_resolver - INFO - Strategy using exit_profit_only: False
2026-08-24 23:23:49,305 - freqtrade.resolvers.strategy_resolver - INFO - Strategy using ignore_roi_if_entry_signal: False
2026-08-24 23:23:49,305 - freqtrade.resolvers.strategy_resolver - INFO - Strategy using exit_profit_offset: 0.0
2026-08-24 23:23:49,305 - freqtrade.resolvers.strategy_resolver - INFO - Strategy using disable_dataframe_checks: False
2026-08-24 23:23:49,305 - freqtrade.resolvers.strategy_resolver - INFO - Strategy using ignore_buying_expired_candle_after: 0
2026-08-24 23:23:49,305 - freqtrade.resolvers.strategy_resolver - INFO - Strategy using position_adjustment_enable: False
2026-08-24 23:23:49,305 - freqtrade.resolvers.strategy_resolver - INFO - Strategy using max_entry_position_adjustment: -1
2026-08-24 23:23:49,305 - freqtrade.resolvers.strategy_resolver - INFO - Strategy using max_open_trades: 2
2026-08-24 23:23:49,305 - freqtrade.configuration.config_validation - INFO - Validating configuration ...
2026-08-24 23:23:49,549 - freqtrade.resolvers.iresolver - INFO - Using resolved pairlist StaticPairList from 'C:\Users\24809\Desktop\repos\quant\.venv\Lib\site-packages\freqtrade\plugins\pairlist\StaticPairList.py'...
2026-08-24 23:23:49,564 - freqtrade.optimize.backtesting - INFO - Using fee 0.1500% from config.
2026-08-24 23:23:50,250 - freqtrade.data.history.datahandlers.idatahandler - WARNING - BTC/USDT, spot, 5m, data starts at 2023-01-01 00:00:00
2026-08-24 23:23:50,281 - freqtrade.data.history.datahandlers.idatahandler - WARNING - ETH/USDT, spot, 5m, data starts at 2023-01-01 00:00:00
2026-08-24 23:23:50,295 - freqtrade.optimize.backtesting - INFO - Loading data from 2023-01-01 00:00:00 up to 2023-01-08 00:00:00 (7 days).
2026-08-24 23:23:50,295 - freqtrade.configuration.timerange - WARNING - Moving start-date by 300 candles to account for startup time.
2026-08-24 23:23:50,328 - freqtrade.optimize.backtesting - INFO - Dataload complete. Calculating indicators
2026-08-24 23:23:50,330 - freqtrade.optimize.backtesting - INFO - Running backtesting for Strategy DryRunSmaCrossHtfBreakoutGateStrategy
2026-08-24 23:23:50,332 - freqtrade.data.dataprovider - INFO - Loading data for BTC/USDT 1h from 2022-12-19 12:00:00 to 2023-01-08 00:00:00
2026-08-24 23:23:50,338 - freqtrade.data.history.datahandlers.idatahandler - WARNING - BTC/USDT, spot, 1h, data starts at 2023-01-01 00:00:00
2026-08-24 23:23:50,364 - freqtrade.data.dataprovider - INFO - Loading data for ETH/USDT 1h from 2022-12-19 12:00:00 to 2023-01-08 00:00:00
2026-08-24 23:23:50,380 - freqtrade.data.history.datahandlers.idatahandler - WARNING - ETH/USDT, spot, 1h, data starts at 2023-01-01 00:00:00
2026-08-24 23:23:50,389 - freqtrade.optimize.backtesting - INFO - Backtesting with data from 2023-01-02 01:00:00 up to 2023-01-08 00:00:00 (5 days).
2026-08-24 23:23:50,449 - freqtrade.misc - INFO - dumping json to "experiments\exp_20260824_001\backtests\smoke\backtest-result-2026-08-24_23-23-50.meta.json"
