started_at=2026-08-25T20:15:21.7866969+08:00
command=uv run python -m unittest discover -s tests -v
test_historical_symbol_discovery_does_not_use_current_symbols (test_binance_spot_archive.ArchiveFilteringTests.test_historical_symbol_discovery_does_not_use_current_symbols) ... ok
test_strict_object_regex_accepts_only_exact_monthly_keys (test_binance_spot_archive.ArchiveFilteringTests.test_strict_object_regex_accepts_only_exact_monthly_keys) ... ok
test_unicode_archive_symbol_is_preserved_with_safe_evidence_path (test_binance_spot_archive.ArchiveFilteringTests.test_unicode_archive_symbol_is_preserved_with_safe_evidence_path) ... ok
test_unicode_prefix_request_round_trips_exactly (test_binance_spot_archive.ArchiveFilteringTests.test_unicode_prefix_request_round_trips_exactly) ... ok
test_unicode_symbol_object_key_matches_exactly (test_binance_spot_archive.ArchiveFilteringTests.test_unicode_symbol_object_key_matches_exactly) ... ok
test_full_workflow_keeps_archive_only_symbol_and_writes_outputs (test_binance_spot_archive.OfflineWorkflowTests.test_full_workflow_keeps_archive_only_symbol_and_writes_outputs) ... ok
test_workflow_refuses_to_overwrite_existing_evidence (test_binance_spot_archive.OfflineWorkflowTests.test_workflow_refuses_to_overwrite_existing_evidence) ... ok
test_duplicate_object_key_across_pages_fails (test_binance_spot_archive.S3PaginationTests.test_duplicate_object_key_across_pages_fails) ... ok
test_duplicate_prefix_across_pages_fails (test_binance_spot_archive.S3PaginationTests.test_duplicate_prefix_across_pages_fails) ... ok
test_http_200_invalid_xml_is_preserved_and_fails (test_binance_spot_archive.S3PaginationTests.test_http_200_invalid_xml_is_preserved_and_fails) ... ok
test_multi_page_token_chain_preserves_raw_pages (test_binance_spot_archive.S3PaginationTests.test_multi_page_token_chain_preserves_raw_pages) ... ok
test_token_loop_fails (test_binance_spot_archive.S3PaginationTests.test_token_loop_fails) ... ok
test_inventory_and_summary_are_deterministic (test_binance_spot_archive.SummaryTests.test_inventory_and_summary_are_deterministic) ... ok
test_missing_checksum_and_gap_classes_are_distinct (test_binance_spot_archive.SummaryTests.test_missing_checksum_and_gap_classes_are_distinct) ... ok
test_conditional_download_retries_and_commits_atomically (test_binance_spot_payload.AcquisitionTests.test_conditional_download_retries_and_commits_atomically) ... ok
test_existing_final_is_conditionally_refetched_and_byte_compared (test_binance_spot_payload.AcquisitionTests.test_existing_final_is_conditionally_refetched_and_byte_compared) ... ok
test_redirect_is_rejected_and_preserved_as_failure_receipt (test_binance_spot_payload.AcquisitionTests.test_redirect_is_rejected_and_preserved_as_failure_receipt) ... ok
test_source_change_is_not_retried (test_binance_spot_payload.AcquisitionTests.test_source_change_is_not_retried) ... ok
test_truncated_success_response_is_retried (test_binance_spot_payload.AcquisitionTests.test_truncated_success_response_is_retried) ... ok
test_checksum_requires_one_record_and_exact_basename (test_binance_spot_payload.ChecksumAndZipTests.test_checksum_requires_one_record_and_exact_basename) ... ok
test_duplicate_grid_and_invalid_taker_subset_are_rejected (test_binance_spot_payload.ChecksumAndZipTests.test_duplicate_grid_and_invalid_taker_subset_are_rejected) ... ok
test_multiple_or_unsafe_member_is_rejected (test_binance_spot_payload.ChecksumAndZipTests.test_multiple_or_unsafe_member_is_rejected) ... ok
test_uncompressed_size_gate_is_enforced (test_binance_spot_payload.ChecksumAndZipTests.test_uncompressed_size_gate_is_enforced) ... ok
test_valid_zip_and_row_are_preserved (test_binance_spot_payload.ChecksumAndZipTests.test_valid_zip_and_row_are_preserved) ... ok
test_invalid_object_is_whole_month_u_and_unicode_candidate_remains_n (test_binance_spot_payload.DerivedOutputTests.test_invalid_object_is_whole_month_u_and_unicode_candidate_remains_n) ... ok
test_missing_zip_during_derivation_becomes_u_instead_of_escaping (test_binance_spot_payload.DerivedOutputTests.test_missing_zip_during_derivation_becomes_u_instead_of_escaping) ... ok
test_structurally_valid_zip_replacement_fails_frozen_sha_and_becomes_u (test_binance_spot_payload.DerivedOutputTests.test_structurally_valid_zip_replacement_fails_frozen_sha_and_becomes_u) ... ok
test_valid_object_emits_normalized_rows_and_a_m_states (test_binance_spot_payload.DerivedOutputTests.test_valid_object_emits_normalized_rows_and_a_m_states) ... ok
test_changed_frozen_input_fails_before_use (test_binance_spot_payload.FrozenInputTests.test_changed_frozen_input_fails_before_use) ... ok
test_exact_hash_count_pair_and_unicode_contract (test_binance_spot_payload.FrozenInputTests.test_exact_hash_count_pair_and_unicode_contract) ... ok
test_exact_remains_default_and_reports_no_non_nominal_event (test_binance_spot_revalidate.CloseTimePolicyTests.test_exact_remains_default_and_reports_no_non_nominal_event) ... ok
test_within_interval_preserves_and_reports_non_nominal_close (test_binance_spot_revalidate.CloseTimePolicyTests.test_within_interval_preserves_and_reports_non_nominal_close) ... ok
test_within_interval_rejects_before_open_and_after_nominal (test_binance_spot_revalidate.CloseTimePolicyTests.test_within_interval_rejects_before_open_and_after_nominal) ... ok
test_frozen_exp004_provenance_failure_prevents_outputs (test_binance_spot_revalidate.OfflineRevalidationTests.test_frozen_exp004_provenance_failure_prevents_outputs) ... ok
test_minimal_offline_end_to_end_preserves_non_nominal_close (test_binance_spot_revalidate.OfflineRevalidationTests.test_minimal_offline_end_to_end_preserves_non_nominal_close) ... ok
test_offline_module_has_no_transport_import_or_call (test_binance_spot_revalidate.OfflineRevalidationTests.test_offline_module_has_no_transport_import_or_call) ... ok
test_pair_validation_uses_one_immutable_read_per_raw_object (test_binance_spot_revalidate.OfflineRevalidationTests.test_pair_validation_uses_one_immutable_read_per_raw_object) ... ok
test_success_invariant_deviation_is_inconclusive_and_exit_two (test_binance_spot_revalidate.OfflineRevalidationTests.test_success_invariant_deviation_is_inconclusive_and_exit_two) ... ok
test_all_transforms_reject_mixed_formations (test_hierarchical_alpha.CrossSectionTests.test_all_transforms_reject_mixed_formations) ... ok
test_centered_average_midranks_and_ties (test_hierarchical_alpha.CrossSectionTests.test_centered_average_midranks_and_ties) ... ok
test_duplicate_nonfinite_low_breadth_and_all_ties_are_rejected (test_hierarchical_alpha.CrossSectionTests.test_duplicate_nonfinite_low_breadth_and_all_ties_are_rejected) ... ok
test_future_append_uses_independent_single_time_slices (test_hierarchical_alpha.CrossSectionTests.test_future_append_uses_independent_single_time_slices) ... ok
test_noneligible_values_cannot_change_eligible_transform (test_hierarchical_alpha.CrossSectionTests.test_noneligible_values_cannot_change_eligible_transform) ... ok
test_residuals_are_orthogonal_and_rank_deficiency_is_rejected (test_hierarchical_alpha.CrossSectionTests.test_residuals_are_orthogonal_and_rank_deficiency_is_rejected) ... ok
test_actual_interval_overlap_and_formation_fold_split_are_rejected (test_hierarchical_alpha.LabelAndSplitTests.test_actual_interval_overlap_and_formation_fold_split_are_rejected) ... ok
test_direct_purge_spec_cannot_bypass_minimum_or_hourly_bar_contract (test_hierarchical_alpha.LabelAndSplitTests.test_direct_purge_spec_cannot_bypass_minimum_or_hourly_bar_contract) ... ok
test_feature_and_open_price_clock_contracts_are_exact (test_hierarchical_alpha.LabelAndSplitTests.test_feature_and_open_price_clock_contracts_are_exact) ... ok
test_irregular_utc_purge_and_embargo_exact_boundaries_pass (test_hierarchical_alpha.LabelAndSplitTests.test_irregular_utc_purge_and_embargo_exact_boundaries_pass) ... ok
test_label_interval_is_entry_through_exit_plus_one_millisecond (test_hierarchical_alpha.LabelAndSplitTests.test_label_interval_is_entry_through_exit_plus_one_millisecond) ... ok
test_label_is_not_an_expert_cross_section_input (test_hierarchical_alpha.LabelAndSplitTests.test_label_is_not_an_expert_cross_section_input) ... ok
test_next_open_clock_for_all_horizons (test_hierarchical_alpha.LabelAndSplitTests.test_next_open_clock_for_all_horizons) ... ok
test_purge_and_embargo_reject_one_ms_and_one_hour_inside_boundaries (test_hierarchical_alpha.LabelAndSplitTests.test_purge_and_embargo_reject_one_ms_and_one_hour_inside_boundaries) ... ok
test_shared_multi_horizon_contract_is_481_hours (test_hierarchical_alpha.LabelAndSplitTests.test_shared_multi_horizon_contract_is_481_hours) ... ok
test_archive_bool_and_dict_are_not_eligibility (test_hierarchical_alpha.PITEligibilityTests.test_archive_bool_and_dict_are_not_eligibility) ... ok
test_archive_derived_evidence_is_a_hard_error (test_hierarchical_alpha.PITEligibilityTests.test_archive_derived_evidence_is_a_hard_error) ... ok
test_complete_component_evidence_derives_eligibility (test_hierarchical_alpha.PITEligibilityTests.test_complete_component_evidence_derives_eligibility) ... ok
test_missing_and_duplicate_membership_are_hard_errors (test_hierarchical_alpha.PITEligibilityTests.test_missing_and_duplicate_membership_are_hard_errors) ... ok
test_missing_or_future_component_evidence_fails_closed (test_hierarchical_alpha.PITEligibilityTests.test_missing_or_future_component_evidence_fails_closed) ... ok
test_unknown_wrong_market_status_permission_quote_and_listing_fail_closed (test_hierarchical_alpha.PITEligibilityTests.test_unknown_wrong_market_status_permission_quote_and_listing_fail_closed) ... ok
test_blocked_registry_future_output_and_bad_provenance_cannot_ensemble (test_hierarchical_alpha.RegistryEnsembleAndNetAlphaTests.test_blocked_registry_future_output_and_bad_provenance_cannot_ensemble) ... ok
test_direct_regime_adjusted_score_cannot_bypass_internal_consistency (test_hierarchical_alpha.RegistryEnsembleAndNetAlphaTests.test_direct_regime_adjusted_score_cannot_bypass_internal_consistency) ... ok
test_direct_registry_construction_cannot_bypass_direction_or_horizon (test_hierarchical_alpha.RegistryEnsembleAndNetAlphaTests.test_direct_registry_construction_cannot_bypass_direction_or_horizon) ... ok
test_ensemble_rejects_missing_extra_duplicate_empty_and_non_simplex_maps (test_hierarchical_alpha.RegistryEnsembleAndNetAlphaTests.test_ensemble_rejects_missing_extra_duplicate_empty_and_non_simplex_maps) ... ok
test_expected_net_alpha_requires_adjusted_score_and_penalties_are_monotone (test_hierarchical_alpha.RegistryEnsembleAndNetAlphaTests.test_expected_net_alpha_requires_adjusted_score_and_penalties_are_monotone) ... ok
test_fixed_hierarchical_ensemble_is_order_invariant_and_provenanced (test_hierarchical_alpha.RegistryEnsembleAndNetAlphaTests.test_fixed_hierarchical_ensemble_is_order_invariant_and_provenanced) ... ok
test_modern_catalog_is_explicitly_blocked_and_has_no_equity_style_names (test_hierarchical_alpha.RegistryEnsembleAndNetAlphaTests.test_modern_catalog_is_explicitly_blocked_and_has_no_equity_style_names) ... ok
test_regime_gate_preserves_sign_order_bounds_and_provenance (test_hierarchical_alpha.RegistryEnsembleAndNetAlphaTests.test_regime_gate_preserves_sign_order_bounds_and_provenance) ... ok
test_regime_gate_rejects_raw_future_unprovenanced_and_out_of_bounds_values (test_hierarchical_alpha.RegistryEnsembleAndNetAlphaTests.test_regime_gate_rejects_raw_future_unprovenanced_and_out_of_bounds_values) ... ok
test_registry_is_duplicate_safe_order_invariant_and_higher_only (test_hierarchical_alpha.RegistryEnsembleAndNetAlphaTests.test_registry_is_duplicate_safe_order_invariant_and_higher_only) ... ok
test_ic_rejects_missing_wrong_horizon_wrong_time_and_low_breadth (test_hierarchical_alpha.SyntheticDiagnosticTests.test_ic_rejects_missing_wrong_horizon_wrong_time_and_low_breadth) ... ok
test_ic_rejects_wrong_score_horizon (test_hierarchical_alpha.SyntheticDiagnosticTests.test_ic_rejects_wrong_score_horizon) ... ok
test_incremental_diagnostic_requires_full_key_alignment (test_hierarchical_alpha.SyntheticDiagnosticTests.test_incremental_diagnostic_requires_full_key_alignment) ... ok
test_rank_ic_and_fixed_incremental_diagnostic (test_hierarchical_alpha.SyntheticDiagnosticTests.test_rank_ic_and_fixed_incremental_diagnostic) ... ok
test_completed_hour_maps_to_last_5m_close_then_next_open (test_htf_breakout_gate_strategy.HtfBreakoutGateStrategyTests.test_completed_hour_maps_to_last_5m_close_then_next_open) ... ok
test_exit_column_is_identical_to_parent (test_htf_breakout_gate_strategy.HtfBreakoutGateStrategyTests.test_exit_column_is_identical_to_parent) ... ok
test_gate_truth_and_candidate_entries_are_parent_subset (test_htf_breakout_gate_strategy.HtfBreakoutGateStrategyTests.test_gate_truth_and_candidate_entries_are_parent_subset) ... ok
test_informative_history_prefix_is_unchanged_by_future_rows (test_htf_breakout_gate_strategy.HtfBreakoutGateStrategyTests.test_informative_history_prefix_is_unchanged_by_future_rows) ... ok
test_long_only_startup_and_parent_methods_are_preserved (test_htf_breakout_gate_strategy.HtfBreakoutGateStrategyTests.test_long_only_startup_and_parent_methods_are_preserved) ... ok
test_missing_or_nan_gate_never_enters (test_htf_breakout_gate_strategy.HtfBreakoutGateStrategyTests.test_missing_or_nan_gate_never_enters) ... ok
test_backtest_delays_signal_to_next_open_and_charges_costs (test_research_primitives.ResearchPrimitivesTests.test_backtest_delays_signal_to_next_open_and_charges_costs) ... ok
test_dry_run_launcher_cannot_start_live_mode (test_research_primitives.ResearchPrimitivesTests.test_dry_run_launcher_cannot_start_live_mode) ... ok
test_research_launcher_allows_backtesting (test_research_primitives.ResearchPrimitivesTests.test_research_launcher_allows_backtesting) ... ok
test_research_launcher_rejects_trade_command (test_research_primitives.ResearchPrimitivesTests.test_research_launcher_rejects_trade_command) ... ok
test_sma_cross_uses_only_available_closes (test_research_primitives.ResearchPrimitivesTests.test_sma_cross_uses_only_available_closes) ... ok
test_validator_rejects_duplicate_timestamps (test_research_primitives.ResearchPrimitivesTests.test_validator_rejects_duplicate_timestamps) ... ok

----------------------------------------------------------------------
Ran 85 tests in 0.322s

OK
exit_code=0
ended_at=2026-08-25T20:15:23.8772524+08:00

