started_at=2026-08-25T20:15:21.0987098+08:00
command=uv run python -m unittest tests.test_hierarchical_alpha -v
test_all_transforms_reject_mixed_formations (tests.test_hierarchical_alpha.CrossSectionTests.test_all_transforms_reject_mixed_formations) ... ok
test_centered_average_midranks_and_ties (tests.test_hierarchical_alpha.CrossSectionTests.test_centered_average_midranks_and_ties) ... ok
test_duplicate_nonfinite_low_breadth_and_all_ties_are_rejected (tests.test_hierarchical_alpha.CrossSectionTests.test_duplicate_nonfinite_low_breadth_and_all_ties_are_rejected) ... ok
test_future_append_uses_independent_single_time_slices (tests.test_hierarchical_alpha.CrossSectionTests.test_future_append_uses_independent_single_time_slices) ... ok
test_noneligible_values_cannot_change_eligible_transform (tests.test_hierarchical_alpha.CrossSectionTests.test_noneligible_values_cannot_change_eligible_transform) ... ok
test_residuals_are_orthogonal_and_rank_deficiency_is_rejected (tests.test_hierarchical_alpha.CrossSectionTests.test_residuals_are_orthogonal_and_rank_deficiency_is_rejected) ... ok
test_actual_interval_overlap_and_formation_fold_split_are_rejected (tests.test_hierarchical_alpha.LabelAndSplitTests.test_actual_interval_overlap_and_formation_fold_split_are_rejected) ... ok
test_direct_purge_spec_cannot_bypass_minimum_or_hourly_bar_contract (tests.test_hierarchical_alpha.LabelAndSplitTests.test_direct_purge_spec_cannot_bypass_minimum_or_hourly_bar_contract) ... ok
test_feature_and_open_price_clock_contracts_are_exact (tests.test_hierarchical_alpha.LabelAndSplitTests.test_feature_and_open_price_clock_contracts_are_exact) ... ok
test_irregular_utc_purge_and_embargo_exact_boundaries_pass (tests.test_hierarchical_alpha.LabelAndSplitTests.test_irregular_utc_purge_and_embargo_exact_boundaries_pass) ... ok
test_label_interval_is_entry_through_exit_plus_one_millisecond (tests.test_hierarchical_alpha.LabelAndSplitTests.test_label_interval_is_entry_through_exit_plus_one_millisecond) ... ok
test_label_is_not_an_expert_cross_section_input (tests.test_hierarchical_alpha.LabelAndSplitTests.test_label_is_not_an_expert_cross_section_input) ... ok
test_next_open_clock_for_all_horizons (tests.test_hierarchical_alpha.LabelAndSplitTests.test_next_open_clock_for_all_horizons) ... ok
test_purge_and_embargo_reject_one_ms_and_one_hour_inside_boundaries (tests.test_hierarchical_alpha.LabelAndSplitTests.test_purge_and_embargo_reject_one_ms_and_one_hour_inside_boundaries) ... ok
test_shared_multi_horizon_contract_is_481_hours (tests.test_hierarchical_alpha.LabelAndSplitTests.test_shared_multi_horizon_contract_is_481_hours) ... ok
test_archive_bool_and_dict_are_not_eligibility (tests.test_hierarchical_alpha.PITEligibilityTests.test_archive_bool_and_dict_are_not_eligibility) ... ok
test_archive_derived_evidence_is_a_hard_error (tests.test_hierarchical_alpha.PITEligibilityTests.test_archive_derived_evidence_is_a_hard_error) ... ok
test_complete_component_evidence_derives_eligibility (tests.test_hierarchical_alpha.PITEligibilityTests.test_complete_component_evidence_derives_eligibility) ... ok
test_missing_and_duplicate_membership_are_hard_errors (tests.test_hierarchical_alpha.PITEligibilityTests.test_missing_and_duplicate_membership_are_hard_errors) ... ok
test_missing_or_future_component_evidence_fails_closed (tests.test_hierarchical_alpha.PITEligibilityTests.test_missing_or_future_component_evidence_fails_closed) ... ok
test_unknown_wrong_market_status_permission_quote_and_listing_fail_closed (tests.test_hierarchical_alpha.PITEligibilityTests.test_unknown_wrong_market_status_permission_quote_and_listing_fail_closed) ... ok
test_blocked_registry_future_output_and_bad_provenance_cannot_ensemble (tests.test_hierarchical_alpha.RegistryEnsembleAndNetAlphaTests.test_blocked_registry_future_output_and_bad_provenance_cannot_ensemble) ... ok
test_direct_regime_adjusted_score_cannot_bypass_internal_consistency (tests.test_hierarchical_alpha.RegistryEnsembleAndNetAlphaTests.test_direct_regime_adjusted_score_cannot_bypass_internal_consistency) ... ok
test_direct_registry_construction_cannot_bypass_direction_or_horizon (tests.test_hierarchical_alpha.RegistryEnsembleAndNetAlphaTests.test_direct_registry_construction_cannot_bypass_direction_or_horizon) ... ok
test_ensemble_rejects_missing_extra_duplicate_empty_and_non_simplex_maps (tests.test_hierarchical_alpha.RegistryEnsembleAndNetAlphaTests.test_ensemble_rejects_missing_extra_duplicate_empty_and_non_simplex_maps) ... ok
test_expected_net_alpha_requires_adjusted_score_and_penalties_are_monotone (tests.test_hierarchical_alpha.RegistryEnsembleAndNetAlphaTests.test_expected_net_alpha_requires_adjusted_score_and_penalties_are_monotone) ... ok
test_fixed_hierarchical_ensemble_is_order_invariant_and_provenanced (tests.test_hierarchical_alpha.RegistryEnsembleAndNetAlphaTests.test_fixed_hierarchical_ensemble_is_order_invariant_and_provenanced) ... ok
test_modern_catalog_is_explicitly_blocked_and_has_no_equity_style_names (tests.test_hierarchical_alpha.RegistryEnsembleAndNetAlphaTests.test_modern_catalog_is_explicitly_blocked_and_has_no_equity_style_names) ... ok
test_regime_gate_preserves_sign_order_bounds_and_provenance (tests.test_hierarchical_alpha.RegistryEnsembleAndNetAlphaTests.test_regime_gate_preserves_sign_order_bounds_and_provenance) ... ok
test_regime_gate_rejects_raw_future_unprovenanced_and_out_of_bounds_values (tests.test_hierarchical_alpha.RegistryEnsembleAndNetAlphaTests.test_regime_gate_rejects_raw_future_unprovenanced_and_out_of_bounds_values) ... ok
test_registry_is_duplicate_safe_order_invariant_and_higher_only (tests.test_hierarchical_alpha.RegistryEnsembleAndNetAlphaTests.test_registry_is_duplicate_safe_order_invariant_and_higher_only) ... ok
test_ic_rejects_missing_wrong_horizon_wrong_time_and_low_breadth (tests.test_hierarchical_alpha.SyntheticDiagnosticTests.test_ic_rejects_missing_wrong_horizon_wrong_time_and_low_breadth) ... ok
test_ic_rejects_wrong_score_horizon (tests.test_hierarchical_alpha.SyntheticDiagnosticTests.test_ic_rejects_wrong_score_horizon) ... ok
test_incremental_diagnostic_requires_full_key_alignment (tests.test_hierarchical_alpha.SyntheticDiagnosticTests.test_incremental_diagnostic_requires_full_key_alignment) ... ok
test_rank_ic_and_fixed_incremental_diagnostic (tests.test_hierarchical_alpha.SyntheticDiagnosticTests.test_rank_ic_and_fixed_incremental_diagnostic) ... ok

----------------------------------------------------------------------
Ran 35 tests in 0.004s

OK
exit_code=0
ended_at=2026-08-25T20:15:21.5131740+08:00

